[2024-01-29T13:05:51.445+0530][gc,heap] Heap region size: 1M
[2024-01-29T13:05:51.453+0530][gc     ] Using G1
[2024-01-29T13:05:51.453+0530][gc,heap,coops] Heap address: 0x00000007c0000000, size: 1024 MB, Compressed Oops mode: Zero based, Oop shift amount: 3
[2024-01-29T13:05:52.080+0530][gc,start     ] GC(0) Pause Young (Concurrent Start) (Metadata GC Threshold)
[2024-01-29T13:05:52.081+0530][gc,task      ] GC(0) Using 13 workers of 13 for evacuation
[2024-01-29T13:05:52.088+0530][gc,phases    ] GC(0)   Pre Evacuate Collection Set: 0.0ms
[2024-01-29T13:05:52.088+0530][gc,phases    ] GC(0)   Evacuate Collection Set: 6.6ms
[2024-01-29T13:05:52.088+0530][gc,phases    ] GC(0)   Post Evacuate Collection Set: 0.4ms
[2024-01-29T13:05:52.088+0530][gc,phases    ] GC(0)   Other: 1.6ms
[2024-01-29T13:05:52.088+0530][gc,heap      ] GC(0) Eden regions: 47->0(44)
[2024-01-29T13:05:52.088+0530][gc,heap      ] GC(0) Survivor regions: 0->7(7)
[2024-01-29T13:05:52.088+0530][gc,heap      ] GC(0) Old regions: 0->1
[2024-01-29T13:05:52.088+0530][gc,heap      ] GC(0) Humongous regions: 0->0
[2024-01-29T13:05:52.088+0530][gc,metaspace ] GC(0) Metaspace: 20590K(21248K)->20590K(21248K) NonClass: 18407K(18944K)->18407K(18944K) Class: 2183K(2304K)->2183K(2304K)
[2024-01-29T13:05:52.089+0530][gc           ] GC(0) Pause Young (Concurrent Start) (Metadata GC Threshold) 47M->7M(1024M) 8.866ms
[2024-01-29T13:05:52.089+0530][gc,cpu       ] GC(0) User=0.02s Sys=0.01s Real=0.00s
[2024-01-29T13:05:52.089+0530][gc           ] GC(1) Concurrent Cycle
[2024-01-29T13:05:52.089+0530][gc,marking   ] GC(1) Concurrent Clear Claimed Marks
[2024-01-29T13:05:52.089+0530][gc,marking   ] GC(1) Concurrent Clear Claimed Marks 0.034ms
[2024-01-29T13:05:52.089+0530][gc,marking   ] GC(1) Concurrent Scan Root Regions
[2024-01-29T13:05:52.091+0530][gc,marking   ] GC(1) Concurrent Scan Root Regions 1.803ms
[2024-01-29T13:05:52.091+0530][gc,marking   ] GC(1) Concurrent Mark (0.653s)
[2024-01-29T13:05:52.091+0530][gc,marking   ] GC(1) Concurrent Mark From Roots
[2024-01-29T13:05:52.091+0530][gc,task      ] GC(1) Using 3 workers of 3 for marking
[2024-01-29T13:05:52.091+0530][gc,marking   ] GC(1) Concurrent Mark From Roots 0.837ms
[2024-01-29T13:05:52.092+0530][gc,marking   ] GC(1) Concurrent Preclean
[2024-01-29T13:05:52.092+0530][gc,marking   ] GC(1) Concurrent Preclean 0.099ms
[2024-01-29T13:05:52.092+0530][gc,marking   ] GC(1) Concurrent Mark (0.653s, 0.655s) 1.109ms
[2024-01-29T13:05:52.092+0530][gc,start     ] GC(1) Pause Remark
[2024-01-29T13:05:52.094+0530][gc,stringtable] GC(1) Cleaned string and symbol table, strings: 7898 processed, 0 removed, symbols: 65949 processed, 31 removed
[2024-01-29T13:05:52.094+0530][gc            ] GC(1) Pause Remark 7M->7M(1024M) 2.245ms
[2024-01-29T13:05:52.094+0530][gc,cpu        ] GC(1) User=0.02s Sys=0.01s Real=0.00s
[2024-01-29T13:05:52.094+0530][gc,marking    ] GC(1) Concurrent Rebuild Remembered Sets
[2024-01-29T13:05:52.095+0530][gc,marking    ] GC(1) Concurrent Rebuild Remembered Sets 0.466ms
[2024-01-29T13:05:52.095+0530][gc,start      ] GC(1) Pause Cleanup
[2024-01-29T13:05:52.095+0530][gc            ] GC(1) Pause Cleanup 7M->7M(1024M) 0.198ms
[2024-01-29T13:05:52.095+0530][gc,cpu        ] GC(1) User=0.00s Sys=0.00s Real=0.00s
[2024-01-29T13:05:52.095+0530][gc,marking    ] GC(1) Concurrent Cleanup for Next Mark
[2024-01-29T13:05:52.100+0530][gc,marking    ] GC(1) Concurrent Cleanup for Next Mark 5.046ms
[2024-01-29T13:05:52.100+0530][gc            ] GC(1) Concurrent Cycle 11.779ms
[2024-01-29T13:05:52.405+0530][gc,start      ] GC(2) Pause Young (Normal) (G1 Evacuation Pause)
[2024-01-29T13:05:52.405+0530][gc,task       ] GC(2) Using 13 workers of 13 for evacuation
[2024-01-29T13:05:52.409+0530][gc,phases     ] GC(2)   Pre Evacuate Collection Set: 0.0ms
[2024-01-29T13:05:52.409+0530][gc,phases     ] GC(2)   Evacuate Collection Set: 3.7ms
[2024-01-29T13:05:52.409+0530][gc,phases     ] GC(2)   Post Evacuate Collection Set: 0.5ms
[2024-01-29T13:05:52.409+0530][gc,phases     ] GC(2)   Other: 0.2ms
[2024-01-29T13:05:52.409+0530][gc,heap       ] GC(2) Eden regions: 44->0(49)
[2024-01-29T13:05:52.409+0530][gc,heap       ] GC(2) Survivor regions: 7->2(7)
[2024-01-29T13:05:52.409+0530][gc,heap       ] GC(2) Old regions: 1->8
[2024-01-29T13:05:52.409+0530][gc,heap       ] GC(2) Humongous regions: 0->0
[2024-01-29T13:05:52.409+0530][gc,metaspace  ] GC(2) Metaspace: 28656K(29440K)->28656K(29440K) NonClass: 25613K(26112K)->25613K(26112K) Class: 3042K(3328K)->3042K(3328K)
[2024-01-29T13:05:52.409+0530][gc            ] GC(2) Pause Young (Normal) (G1 Evacuation Pause) 51M->8M(1024M) 4.475ms
[2024-01-29T13:05:52.409+0530][gc,cpu        ] GC(2) User=0.04s Sys=0.00s Real=0.00s
[2024-01-29T13:05:52.711+0530][gc,start      ] GC(3) Pause Young (Concurrent Start) (Metadata GC Threshold)
[2024-01-29T13:05:52.711+0530][gc,task       ] GC(3) Using 13 workers of 13 for evacuation
[2024-01-29T13:05:52.717+0530][gc,phases     ] GC(3)   Pre Evacuate Collection Set: 0.0ms
[2024-01-29T13:05:52.717+0530][gc,phases     ] GC(3)   Evacuate Collection Set: 5.0ms
[2024-01-29T13:05:52.717+0530][gc,phases     ] GC(3)   Post Evacuate Collection Set: 0.2ms
[2024-01-29T13:05:52.717+0530][gc,phases     ] GC(3)   Other: 0.2ms
[2024-01-29T13:05:52.717+0530][gc,heap       ] GC(3) Eden regions: 30->0(47)
[2024-01-29T13:05:52.717+0530][gc,heap       ] GC(3) Survivor regions: 2->4(7)
[2024-01-29T13:05:52.717+0530][gc,heap       ] GC(3) Old regions: 8->8
[2024-01-29T13:05:52.717+0530][gc,heap       ] GC(3) Humongous regions: 0->0
[2024-01-29T13:05:52.717+0530][gc,metaspace  ] GC(3) Metaspace: 34406K(35584K)->34406K(35584K) NonClass: 30688K(31488K)->30688K(31488K) Class: 3718K(4096K)->3718K(4096K)
[2024-01-29T13:05:52.717+0530][gc            ] GC(3) Pause Young (Concurrent Start) (Metadata GC Threshold) 38M->10M(1024M) 5.602ms
[2024-01-29T13:05:52.717+0530][gc,cpu        ] GC(3) User=0.02s Sys=0.00s Real=0.00s
[2024-01-29T13:05:52.717+0530][gc            ] GC(4) Concurrent Cycle
[2024-01-29T13:05:52.717+0530][gc,marking    ] GC(4) Concurrent Clear Claimed Marks
[2024-01-29T13:05:52.717+0530][gc,marking    ] GC(4) Concurrent Clear Claimed Marks 0.022ms
[2024-01-29T13:05:52.717+0530][gc,marking    ] GC(4) Concurrent Scan Root Regions
[2024-01-29T13:05:52.718+0530][gc,marking    ] GC(4) Concurrent Scan Root Regions 0.947ms
[2024-01-29T13:05:52.718+0530][gc,marking    ] GC(4) Concurrent Mark (1.281s)
[2024-01-29T13:05:52.718+0530][gc,marking    ] GC(4) Concurrent Mark From Roots
[2024-01-29T13:05:52.718+0530][gc,task       ] GC(4) Using 3 workers of 3 for marking
[2024-01-29T13:05:52.721+0530][gc,marking    ] GC(4) Concurrent Mark From Roots 2.689ms
[2024-01-29T13:05:52.721+0530][gc,marking    ] GC(4) Concurrent Preclean
[2024-01-29T13:05:52.721+0530][gc,marking    ] GC(4) Concurrent Preclean 0.066ms
[2024-01-29T13:05:52.721+0530][gc,marking    ] GC(4) Concurrent Mark (1.281s, 1.284s) 2.831ms
[2024-01-29T13:05:52.721+0530][gc,start      ] GC(4) Pause Remark
[2024-01-29T13:05:52.723+0530][gc,stringtable] GC(4) Cleaned string and symbol table, strings: 12080 processed, 10 removed, symbols: 98310 processed, 23 removed
[2024-01-29T13:05:52.723+0530][gc            ] GC(4) Pause Remark 11M->11M(1024M) 1.949ms
[2024-01-29T13:05:52.723+0530][gc,cpu        ] GC(4) User=0.01s Sys=0.00s Real=0.00s
[2024-01-29T13:05:52.723+0530][gc,marking    ] GC(4) Concurrent Rebuild Remembered Sets
[2024-01-29T13:05:52.725+0530][gc,marking    ] GC(4) Concurrent Rebuild Remembered Sets 1.887ms
[2024-01-29T13:05:52.725+0530][gc,start      ] GC(4) Pause Cleanup
[2024-01-29T13:05:52.725+0530][gc            ] GC(4) Pause Cleanup 11M->11M(1024M) 0.141ms
[2024-01-29T13:05:52.725+0530][gc,cpu        ] GC(4) User=0.00s Sys=0.00s Real=0.00s
[2024-01-29T13:05:52.725+0530][gc,marking    ] GC(4) Concurrent Cleanup for Next Mark
[2024-01-29T13:05:52.729+0530][gc,marking    ] GC(4) Concurrent Cleanup for Next Mark 4.161ms
[2024-01-29T13:05:52.730+0530][gc            ] GC(4) Concurrent Cycle 12.529ms
[2024-01-29T13:05:53.173+0530][gc,start      ] GC(5) Pause Young (Normal) (G1 Evacuation Pause)
[2024-01-29T13:05:53.173+0530][gc,task       ] GC(5) Using 13 workers of 13 for evacuation
[2024-01-29T13:05:53.177+0530][gc,phases     ] GC(5)   Pre Evacuate Collection Set: 0.0ms
[2024-01-29T13:05:53.177+0530][gc,phases     ] GC(5)   Evacuate Collection Set: 3.6ms
[2024-01-29T13:05:53.177+0530][gc,phases     ] GC(5)   Post Evacuate Collection Set: 0.3ms
[2024-01-29T13:05:53.177+0530][gc,phases     ] GC(5)   Other: 0.2ms
[2024-01-29T13:05:53.177+0530][gc,heap       ] GC(5) Eden regions: 47->0(44)
[2024-01-29T13:05:53.177+0530][gc,heap       ] GC(5) Survivor regions: 4->7(7)
[2024-01-29T13:05:53.177+0530][gc,heap       ] GC(5) Old regions: 8->8
[2024-01-29T13:05:53.177+0530][gc,heap       ] GC(5) Humongous regions: 9->9
[2024-01-29T13:05:53.178+0530][gc,metaspace  ] GC(5) Metaspace: 41571K(43136K)->41571K(43136K) NonClass: 37134K(38144K)->37134K(38144K) Class: 4436K(4992K)->4436K(4992K)
[2024-01-29T13:05:53.178+0530][gc            ] GC(5) Pause Young (Normal) (G1 Evacuation Pause) 66M->22M(1024M) 4.312ms
[2024-01-29T13:05:53.178+0530][gc,cpu        ] GC(5) User=0.04s Sys=0.00s Real=0.00s
[2024-01-29T13:05:53.746+0530][gc,heap,exit  ] Heap
[2024-01-29T13:05:53.746+0530][gc,heap,exit  ]  garbage-first heap   total 1048576K, used 185069K [0x00000007c0000000, 0x0000000800000000)
[2024-01-29T13:05:53.746+0530][gc,heap,exit  ]   region size 1024K, 38 young (38912K), 7 survivors (7168K)
[2024-01-29T13:05:53.746+0530][gc,heap,exit  ]  Metaspace       used 45272K, capacity 46981K, committed 47104K, reserved 1091584K
[2024-01-29T13:05:53.746+0530][gc,heap,exit  ]   class space    used 5113K, capacity 5882K, committed 5888K, reserved 1048576K
